
> exam_scheduler@0.1.0 build
> next build

   Γû▓ Next.js 15.3.1
   - Environments: .env

   Creating an optimized production build ...
